Archive member included because of file (symbol)

d:/emcaddad imt/01- tools/imt_sdk_win_64/winavr/bin/../lib/gcc/avr/4.3.3/avr5\libgcc.a(_exit.o)
                              d:/emcaddad imt/01- tools/imt_sdk_win_64/winavr/bin/../lib/gcc/avr/4.3.3/../../../../avr/lib/avr5/crtm32.o (exit)
d:/emcaddad imt/01- tools/imt_sdk_win_64/winavr/bin/../lib/gcc/avr/4.3.3/avr5\libgcc.a(_copy_data.o)
                              ./MCAL/TIMER/TIMER-pro.o (__do_copy_data)
d:/emcaddad imt/01- tools/imt_sdk_win_64/winavr/bin/../lib/gcc/avr/4.3.3/avr5\libgcc.a(_clear_bss.o)
                              ./MCAL/TIMER/TIMER-pro.o (__do_clear_bss)

Memory Configuration

Name             Origin             Length             Attributes
text             0x00000000         0x00020000         xr
data             0x00800060         0x0000ffa0         rw !x
eeprom           0x00810000         0x00010000         rw !x
fuse             0x00820000         0x00000400         rw !x
lock             0x00830000         0x00000400         rw !x
signature        0x00840000         0x00000400         rw !x
*default*        0x00000000         0xffffffff

Linker script and memory map

LOAD d:/emcaddad imt/01- tools/imt_sdk_win_64/winavr/bin/../lib/gcc/avr/4.3.3/../../../../avr/lib/avr5/crtm32.o
LOAD ./MCAL/TIMER/TIMER-pro.o
LOAD ./MCAL/GIE/GIE_prg.o
LOAD ./MCAL/EXTI/EXTI-pro.o
LOAD ./MCAL/DIO/DIO_pro.o
LOAD ./APP/main.o
LOAD d:/emcaddad imt/01- tools/imt_sdk_win_64/winavr/bin/../lib/gcc/avr/4.3.3/avr5\libgcc.a
LOAD d:/emcaddad imt/01- tools/imt_sdk_win_64/winavr/bin/../lib/gcc/avr/4.3.3/../../../../avr/lib/avr5\libc.a
LOAD d:/emcaddad imt/01- tools/imt_sdk_win_64/winavr/bin/../lib/gcc/avr/4.3.3/avr5\libgcc.a

.hash
 *(.hash)

.dynsym
 *(.dynsym)

.dynstr
 *(.dynstr)

.gnu.version
 *(.gnu.version)

.gnu.version_d
 *(.gnu.version_d)

.gnu.version_r
 *(.gnu.version_r)

.rel.init
 *(.rel.init)

.rela.init
 *(.rela.init)

.rel.text
 *(.rel.text)
 *(.rel.text.*)
 *(.rel.gnu.linkonce.t*)

.rela.text
 *(.rela.text)
 *(.rela.text.*)
 *(.rela.gnu.linkonce.t*)

.rel.fini
 *(.rel.fini)

.rela.fini
 *(.rela.fini)

.rel.rodata
 *(.rel.rodata)
 *(.rel.rodata.*)
 *(.rel.gnu.linkonce.r*)

.rela.rodata
 *(.rela.rodata)
 *(.rela.rodata.*)
 *(.rela.gnu.linkonce.r*)

.rel.data
 *(.rel.data)
 *(.rel.data.*)
 *(.rel.gnu.linkonce.d*)

.rela.data
 *(.rela.data)
 *(.rela.data.*)
 *(.rela.gnu.linkonce.d*)

.rel.ctors
 *(.rel.ctors)

.rela.ctors
 *(.rela.ctors)

.rel.dtors
 *(.rel.dtors)

.rela.dtors
 *(.rela.dtors)

.rel.got
 *(.rel.got)

.rela.got
 *(.rela.got)

.rel.bss
 *(.rel.bss)

.rela.bss
 *(.rela.bss)

.rel.plt
 *(.rel.plt)

.rela.plt
 *(.rela.plt)

.text           0x00000000      0xe10
 *(.vectors)
 .vectors       0x00000000       0x54 d:/emcaddad imt/01- tools/imt_sdk_win_64/winavr/bin/../lib/gcc/avr/4.3.3/../../../../avr/lib/avr5/crtm32.o
                0x00000000                __vectors
                0x00000000                __vector_default
 *(.vectors)
 *(.progmem.gcc*)
 *(.progmem*)
                0x00000054                . = ALIGN (0x2)
                0x00000054                __trampolines_start = .
 *(.trampolines)
 .trampolines   0x00000054        0x0 linker stubs
 *(.trampolines*)
                0x00000054                __trampolines_end = .
 *(.jumptables)
 *(.jumptables*)
 *(.lowtext)
 *(.lowtext*)
                0x00000054                __ctors_start = .
 *(.ctors)
                0x00000054                __ctors_end = .
                0x00000054                __dtors_start = .
 *(.dtors)
                0x00000054                __dtors_end = .
 SORT(*)(.ctors)
 SORT(*)(.dtors)
 *(.init0)
 .init0         0x00000054        0x0 d:/emcaddad imt/01- tools/imt_sdk_win_64/winavr/bin/../lib/gcc/avr/4.3.3/../../../../avr/lib/avr5/crtm32.o
                0x00000054                __init
 *(.init0)
 *(.init1)
 *(.init1)
 *(.init2)
 .init2         0x00000054        0xc d:/emcaddad imt/01- tools/imt_sdk_win_64/winavr/bin/../lib/gcc/avr/4.3.3/../../../../avr/lib/avr5/crtm32.o
 *(.init2)
 *(.init3)
 *(.init3)
 *(.init4)
 .init4         0x00000060       0x16 d:/emcaddad imt/01- tools/imt_sdk_win_64/winavr/bin/../lib/gcc/avr/4.3.3/avr5\libgcc.a(_copy_data.o)
                0x00000060                __do_copy_data
 .init4         0x00000076       0x10 d:/emcaddad imt/01- tools/imt_sdk_win_64/winavr/bin/../lib/gcc/avr/4.3.3/avr5\libgcc.a(_clear_bss.o)
                0x00000076                __do_clear_bss
 *(.init4)
 *(.init5)
 *(.init5)
 *(.init6)
 *(.init6)
 *(.init7)
 *(.init7)
 *(.init8)
 *(.init8)
 *(.init9)
 .init9         0x00000086        0x8 d:/emcaddad imt/01- tools/imt_sdk_win_64/winavr/bin/../lib/gcc/avr/4.3.3/../../../../avr/lib/avr5/crtm32.o
 *(.init9)
 *(.text)
 .text          0x0000008e        0x4 d:/emcaddad imt/01- tools/imt_sdk_win_64/winavr/bin/../lib/gcc/avr/4.3.3/../../../../avr/lib/avr5/crtm32.o
                0x0000008e                __vector_12
                0x0000008e                __bad_interrupt
                0x0000008e                __vector_3
                0x0000008e                __vector_13
                0x0000008e                __vector_17
                0x0000008e                __vector_19
                0x0000008e                __vector_7
                0x0000008e                __vector_9
                0x0000008e                __vector_2
                0x0000008e                __vector_15
                0x0000008e                __vector_8
                0x0000008e                __vector_14
                0x0000008e                __vector_16
                0x0000008e                __vector_18
                0x0000008e                __vector_20
 .text          0x00000092        0x0 ./MCAL/TIMER/TIMER-pro.o
 .text          0x00000092        0x0 ./MCAL/GIE/GIE_prg.o
 .text          0x00000092        0x0 ./MCAL/EXTI/EXTI-pro.o
 .text          0x00000092        0x0 ./MCAL/DIO/DIO_pro.o
 .text          0x00000092        0x0 ./APP/main.o
 .text          0x00000092        0x0 d:/emcaddad imt/01- tools/imt_sdk_win_64/winavr/bin/../lib/gcc/avr/4.3.3/avr5\libgcc.a(_exit.o)
 .text          0x00000092        0x0 d:/emcaddad imt/01- tools/imt_sdk_win_64/winavr/bin/../lib/gcc/avr/4.3.3/avr5\libgcc.a(_copy_data.o)
 .text          0x00000092        0x0 d:/emcaddad imt/01- tools/imt_sdk_win_64/winavr/bin/../lib/gcc/avr/4.3.3/avr5\libgcc.a(_clear_bss.o)
                0x00000092                . = ALIGN (0x2)
 *(.text.*)
 .text.MTIMERS_vInit
                0x00000092       0x1a ./MCAL/TIMER/TIMER-pro.o
                0x00000092                MTIMERS_vInit
 .text.MTIMERS_u16GetCapturedValue
                0x000000ac        0x8 ./MCAL/TIMER/TIMER-pro.o
                0x000000ac                MTIMERS_u16GetCapturedValue
 .text.MTIMERS_SetTimerOvfCounter
                0x000000b4       0x5a ./MCAL/TIMER/TIMER-pro.o
                0x000000b4                MTIMERS_SetTimerOvfCounter
 .text.MTIMERS_vSetIcuTrigger
                0x0000010e       0x1a ./MCAL/TIMER/TIMER-pro.o
                0x0000010e                MTIMERS_vSetIcuTrigger
 .text.MTIMERS_vIsrFeatuer
                0x00000128       0xc2 ./MCAL/TIMER/TIMER-pro.o
                0x00000128                MTIMERS_vIsrFeatuer
 .text.MTIMERS_vSetCallback
                0x000001ea       0x70 ./MCAL/TIMER/TIMER-pro.o
                0x000001ea                MTIMERS_vSetCallback
 .text.MTIMERS_vSetPreloadValue
                0x0000025a       0x1c ./MCAL/TIMER/TIMER-pro.o
                0x0000025a                MTIMERS_vSetPreloadValue
 .text.MTIMERS_vSetCompareValue
                0x00000276       0x1c ./MCAL/TIMER/TIMER-pro.o
                0x00000276                MTIMERS_vSetCompareValue
 .text.MTIMERS_u16GetElapsedTime
                0x00000292       0x26 ./MCAL/TIMER/TIMER-pro.o
                0x00000292                MTIMERS_u16GetElapsedTime
 .text.MTIMERS_vStartTimer
                0x000002b8       0x2c ./MCAL/TIMER/TIMER-pro.o
                0x000002b8                MTIMERS_vStartTimer
 .text.MTIMERS_vSetInterval_CTC_Asynch
                0x000002e4       0x96 ./MCAL/TIMER/TIMER-pro.o
                0x000002e4                MTIMERS_vSetInterval_CTC_Asynch
 .text.MTIMERS_vSetInterval_Asynch
                0x0000037a       0x7c ./MCAL/TIMER/TIMER-pro.o
                0x0000037a                MTIMERS_vSetInterval_Asynch
 .text.MTIMERS_vStopTimer
                0x000003f6       0x26 ./MCAL/TIMER/TIMER-pro.o
                0x000003f6                MTIMERS_vStopTimer
 .text.__vector_11
                0x0000041c       0xa2 ./MCAL/TIMER/TIMER-pro.o
                0x0000041c                __vector_11
 .text.__vector_10
                0x000004be       0xa2 ./MCAL/TIMER/TIMER-pro.o
                0x000004be                __vector_10
 .text.__vector_5
                0x00000560       0xa2 ./MCAL/TIMER/TIMER-pro.o
                0x00000560                __vector_5
 .text.__vector_4
                0x00000602       0xa2 ./MCAL/TIMER/TIMER-pro.o
                0x00000602                __vector_4
 .text.__vector_6
                0x000006a4       0x4e ./MCAL/TIMER/TIMER-pro.o
                0x000006a4                __vector_6
 .text.MGIE_vEnableGlobalInterrupt
                0x000006f2        0x8 ./MCAL/GIE/GIE_prg.o
                0x000006f2                MGIE_vEnableGlobalInterrupt
 .text.MGIE_vDisableGlobalInterrupt
                0x000006fa        0x8 ./MCAL/GIE/GIE_prg.o
                0x000006fa                MGIE_vDisableGlobalInterrupt
 .text.MEXTI_vDisableInterrupt
                0x00000702       0x24 ./MCAL/EXTI/EXTI-pro.o
                0x00000702                MEXTI_vDisableInterrupt
 .text.MEXTI_vSetSenseControl
                0x00000726       0xaa ./MCAL/EXTI/EXTI-pro.o
                0x00000726                MEXTI_vSetSenseControl
 .text.MEXTI_vEnableInterrupt
                0x000007d0       0x3e ./MCAL/EXTI/EXTI-pro.o
                0x000007d0                MEXTI_vEnableInterrupt
 .text.MDIO_vSetPinDir
                0x0000080e       0xe6 ./MCAL/DIO/DIO_pro.o
                0x0000080e                MDIO_vSetPinDir
 .text.MDIO_vSetPinVal
                0x000008f4       0xe6 ./MCAL/DIO/DIO_pro.o
                0x000008f4                MDIO_vSetPinVal
 .text.MDIO_vTogPinVal
                0x000009da       0x6a ./MCAL/DIO/DIO_pro.o
                0x000009da                MDIO_vTogPinVal
 .text.MDIO_u8GetPinVal
                0x00000a44       0x40 ./MCAL/DIO/DIO_pro.o
                0x00000a44                MDIO_u8GetPinVal
 .text.MDIO_vSetPortDir
                0x00000a84       0x22 ./MCAL/DIO/DIO_pro.o
                0x00000a84                MDIO_vSetPortDir
 .text.MDIO_vSetPortVal
                0x00000aa6       0x22 ./MCAL/DIO/DIO_pro.o
                0x00000aa6                MDIO_vSetPortVal
 .text.MDIO_u8GetPortVal
                0x00000ac8       0x24 ./MCAL/DIO/DIO_pro.o
                0x00000ac8                MDIO_u8GetPortVal
 .text.main     0x00000aec       0x54 ./APP/main.o
                0x00000aec                main
 .text.__vector_1
                0x00000b40       0xea ./APP/main.o
                0x00000b40                __vector_1
 .text.Red_passenger
                0x00000c2a       0x2c ./APP/main.o
                0x00000c2a                Red_passenger
 .text.Green_passenger
                0x00000c56       0x40 ./APP/main.o
                0x00000c56                Green_passenger
 .text.Red_Car  0x00000c96       0x36 ./APP/main.o
                0x00000c96                Red_Car
 .text.Green_Car
                0x00000ccc       0x36 ./APP/main.o
                0x00000ccc                Green_Car
 .text.Yellow_passenger_Blink
                0x00000d02       0x80 ./APP/main.o
                0x00000d02                Yellow_passenger_Blink
 .text.Yellow_Car_Blink
                0x00000d82       0x74 ./APP/main.o
                0x00000d82                Yellow_Car_Blink
 .text.StopPassengerTrifficLight
                0x00000df6       0x16 ./APP/main.o
                0x00000df6                StopPassengerTrifficLight
 .text.libgcc   0x00000e0c        0x0 d:/emcaddad imt/01- tools/imt_sdk_win_64/winavr/bin/../lib/gcc/avr/4.3.3/avr5\libgcc.a(_exit.o)
 .text.libgcc   0x00000e0c        0x0 d:/emcaddad imt/01- tools/imt_sdk_win_64/winavr/bin/../lib/gcc/avr/4.3.3/avr5\libgcc.a(_copy_data.o)
 .text.libgcc   0x00000e0c        0x0 d:/emcaddad imt/01- tools/imt_sdk_win_64/winavr/bin/../lib/gcc/avr/4.3.3/avr5\libgcc.a(_clear_bss.o)
                0x00000e0c                . = ALIGN (0x2)
 *(.fini9)
 .fini9         0x00000e0c        0x0 d:/emcaddad imt/01- tools/imt_sdk_win_64/winavr/bin/../lib/gcc/avr/4.3.3/avr5\libgcc.a(_exit.o)
                0x00000e0c                exit
                0x00000e0c                _exit
 *(.fini9)
 *(.fini8)
 *(.fini8)
 *(.fini7)
 *(.fini7)
 *(.fini6)
 *(.fini6)
 *(.fini5)
 *(.fini5)
 *(.fini4)
 *(.fini4)
 *(.fini3)
 *(.fini3)
 *(.fini2)
 *(.fini2)
 *(.fini1)
 *(.fini1)
 *(.fini0)
 .fini0         0x00000e0c        0x4 d:/emcaddad imt/01- tools/imt_sdk_win_64/winavr/bin/../lib/gcc/avr/4.3.3/avr5\libgcc.a(_exit.o)
 *(.fini0)
                0x00000e10                _etext = .

.data           0x00800060        0x8 load address 0x00000e10
                0x00800060                PROVIDE (__data_start, .)
 *(.data)
 .data          0x00800060        0x0 d:/emcaddad imt/01- tools/imt_sdk_win_64/winavr/bin/../lib/gcc/avr/4.3.3/../../../../avr/lib/avr5/crtm32.o
 .data          0x00800060        0x0 ./MCAL/TIMER/TIMER-pro.o
 .data          0x00800060        0x0 ./MCAL/GIE/GIE_prg.o
 .data          0x00800060        0x0 ./MCAL/EXTI/EXTI-pro.o
 .data          0x00800060        0x0 ./MCAL/DIO/DIO_pro.o
 .data          0x00800060        0x0 ./APP/main.o
 .data          0x00800060        0x0 d:/emcaddad imt/01- tools/imt_sdk_win_64/winavr/bin/../lib/gcc/avr/4.3.3/avr5\libgcc.a(_exit.o)
 .data          0x00800060        0x0 d:/emcaddad imt/01- tools/imt_sdk_win_64/winavr/bin/../lib/gcc/avr/4.3.3/avr5\libgcc.a(_copy_data.o)
 .data          0x00800060        0x0 d:/emcaddad imt/01- tools/imt_sdk_win_64/winavr/bin/../lib/gcc/avr/4.3.3/avr5\libgcc.a(_clear_bss.o)
 *(.data*)
 .data.G_u32IntervalCount
                0x00800060        0x4 ./MCAL/TIMER/TIMER-pro.o
                0x00800060                G_u32IntervalCount
 .data.G_u32IntervalCount2
                0x00800064        0x4 ./MCAL/TIMER/TIMER-pro.o
                0x00800064                G_u32IntervalCount2
 *(.rodata)
 *(.rodata*)
 *(.gnu.linkonce.d*)
                0x00800068                . = ALIGN (0x2)
                0x00800068                _edata = .
                0x00800068                PROVIDE (__data_end, .)

.bss            0x00800068       0x23
                0x00800068                PROVIDE (__bss_start, .)
 *(.bss)
 .bss           0x00800068        0x0 d:/emcaddad imt/01- tools/imt_sdk_win_64/winavr/bin/../lib/gcc/avr/4.3.3/../../../../avr/lib/avr5/crtm32.o
 .bss           0x00800068        0x0 ./MCAL/TIMER/TIMER-pro.o
 .bss           0x00800068        0x0 ./MCAL/GIE/GIE_prg.o
 .bss           0x00800068        0x0 ./MCAL/EXTI/EXTI-pro.o
 .bss           0x00800068        0x0 ./MCAL/DIO/DIO_pro.o
 .bss           0x00800068        0x0 ./APP/main.o
 .bss           0x00800068        0x0 d:/emcaddad imt/01- tools/imt_sdk_win_64/winavr/bin/../lib/gcc/avr/4.3.3/avr5\libgcc.a(_exit.o)
 .bss           0x00800068        0x0 d:/emcaddad imt/01- tools/imt_sdk_win_64/winavr/bin/../lib/gcc/avr/4.3.3/avr5\libgcc.a(_copy_data.o)
 .bss           0x00800068        0x0 d:/emcaddad imt/01- tools/imt_sdk_win_64/winavr/bin/../lib/gcc/avr/4.3.3/avr5\libgcc.a(_clear_bss.o)
 *(.bss*)
 .bss.LS_u32Counter.1532
                0x00800068        0x4 ./MCAL/TIMER/TIMER-pro.o
 .bss.LS_u32Counter2
                0x0080006c        0x4 ./MCAL/TIMER/TIMER-pro.o
 .bss.LS_u32Counter.1513
                0x00800070        0x4 ./MCAL/TIMER/TIMER-pro.o
 .bss.LS_u32Counter0
                0x00800074        0x4 ./MCAL/TIMER/TIMER-pro.o
 .bss.G_TIM0_OVF_Callback
                0x00800078        0x2 ./MCAL/TIMER/TIMER-pro.o
 .bss.G_TIM0_CTC_Callback
                0x0080007a        0x2 ./MCAL/TIMER/TIMER-pro.o
 .bss.G_TIM2_OVF_Callback
                0x0080007c        0x2 ./MCAL/TIMER/TIMER-pro.o
 .bss.G_TIM2_CTC_Callback
                0x0080007e        0x2 ./MCAL/TIMER/TIMER-pro.o
 .bss.G_TIMu16_OVF_Callback
                0x00800080        0x2 ./MCAL/TIMER/TIMER-pro.o
 .bss.G_TIMu16_CTC_Callback
                0x00800082        0x2 ./MCAL/TIMER/TIMER-pro.o
 .bss.G_TIMu16_ICU_Callback
                0x00800084        0x2 ./MCAL/TIMER/TIMER-pro.o
 .bss.GS_u8CarFlag
                0x00800086        0x1 ./APP/main.o
 .bss.GS_u8CaseOneFlag
                0x00800087        0x1 ./APP/main.o
 .bss.GS_u8CarCounter
                0x00800088        0x1 ./APP/main.o
 .bss.GS_u8TypeOFLEDon
                0x00800089        0x1 ./APP/main.o
 .bss.GS_u8PassengerCounter
                0x0080008a        0x1 ./APP/main.o
 *(COMMON)
                0x0080008b                PROVIDE (__bss_end, .)
                0x00000e10                __data_load_start = LOADADDR (.data)
                0x00000e18                __data_load_end = (__data_load_start + SIZEOF (.data))

.noinit         0x0080008b        0x0
                0x0080008b                PROVIDE (__noinit_start, .)
 *(.noinit*)
                0x0080008b                PROVIDE (__noinit_end, .)
                0x0080008b                _end = .
                0x0080008b                PROVIDE (__heap_start, .)

.eeprom         0x00810000        0x0
 *(.eeprom*)
                0x00810000                __eeprom_end = .

.fuse
 *(.fuse)
 *(.lfuse)
 *(.hfuse)
 *(.efuse)

.lock
 *(.lock*)

.signature
 *(.signature*)

.stab
 *(.stab)

.stabstr
 *(.stabstr)

.stab.excl
 *(.stab.excl)

.stab.exclstr
 *(.stab.exclstr)

.stab.index
 *(.stab.index)

.stab.indexstr
 *(.stab.indexstr)

.comment
 *(.comment)

.debug
 *(.debug)

.line
 *(.line)

.debug_srcinfo
 *(.debug_srcinfo)

.debug_sfnames
 *(.debug_sfnames)

.debug_aranges
 *(.debug_aranges)

.debug_pubnames
 *(.debug_pubnames)

.debug_info
 *(.debug_info)
 *(.gnu.linkonce.wi.*)

.debug_abbrev
 *(.debug_abbrev)

.debug_line
 *(.debug_line)

.debug_frame
 *(.debug_frame)

.debug_str
 *(.debug_str)

.debug_loc
 *(.debug_loc)

.debug_macinfo
 *(.debug_macinfo)
OUTPUT(Traffic_Light.elf elf32-avr)
LOAD linker stubs
